COMMAND: ["make", "-f", "Makefile", "-f", "/var/folders/7r/h8yjr2y927n8m2kh38c18n9w0000gp/T/consensus-rnd/sshx/qd-family-triage-0909/attempt-2/probe.mk", "lean", "PROBE=/var/folders/7r/h8yjr2y927n8m2kh38c18n9w0000gp/T/consensus-rnd/sshx/qd-family-triage-0909/attempt-2/B3Final.lean"]
LEAN_CACHE {"status":"present","worktree":"/Users/auricstudio/trureturing-u1bridge-0909","donor":null,"method":"none","reason":null,"stamp_miss":null,"pin_sha256":"sha256:6c4c682ffba051b5744fe7a75ccc99d7f3b20227b3b026f392f3315be0adaa4e","clonefile_errno":null,"clonefile_errnos":[],"clonefile_attempts":0,"clonefile_cleanup_error":null,"mathlib_missing_olean_files":0,"mathlib_missing_olean_samples":[],"archive_status":"not_attempted","archive_mode":null,"archive_skip_reason":"project olean state is warm","archive_reason":null,"archive_producer_commit_sha":null,"archive_workflow_run_id":null,"mathlib_olean_state":"warm","mathlib_olean_probe_error":null,"project_olean_state":"warm","project_olean_probe_error":null}
/var/folders/7r/h8yjr2y927n8m2kh38c18n9w0000gp/T/consensus-rnd/sshx/qd-family-triage-0909/attempt-2/B3Final.lean:33:2: warning: Try this: 
  letI̵

The goal is a proposition, so `let` is preferred over `letI`.
The difference between `let` and `letI` is that `letI` inlines the value.
But this is not relevant for proofs because of proof irrelevance.

Note: This linter can be disabled with `set_option linter.style.haveILetI false`
/var/folders/7r/h8yjr2y927n8m2kh38c18n9w0000gp/T/consensus-rnd/sshx/qd-family-triage-0909/attempt-2/B3Final.lean:37:2: warning: Try this: 
  letI̵

The goal is a proposition, so `let` is preferred over `letI`.
The difference between `let` and `letI` is that `letI` inlines the value.
But this is not relevant for proofs because of proof irrelevance.

Note: This linter can be disabled with `set_option linter.style.haveILetI false`
/var/folders/7r/h8yjr2y927n8m2kh38c18n9w0000gp/T/consensus-rnd/sshx/qd-family-triage-0909/attempt-2/B3Final.lean:145:26: warning: This simp argument is unused:
  mul_inv

Hint: Omit it from the simp argument list.
  [apply] simp [div_eq_mul_inv, hd, mul_assoc, mul_left_comm, mul_comm]

Note: This linter can be disabled with `set_option linter.unusedSimpArgs false`
'QdB3Probe.laguerre_splits' depends on axioms: [propext, Classical.choice, Quot.sound]
'QdB3Probe.b3_full' depends on axioms: [propext, Classical.choice, Quot.sound]
'QdB3Probe.arrow_hermitian' depends on axioms: [propext, Classical.choice, Quot.sound]
'QdB3Probe.arrow_schur' depends on axioms: [propext, Classical.choice, Quot.sound]
'QdB3Probe.b3_charpoly_target' depends on axioms: [propext, Classical.choice, Quot.sound]
'QdB3Probe.b3_residue_sign_target' depends on axioms: [propext, Classical.choice, Quot.sound]
/var/folders/7r/h8yjr2y927n8m2kh38c18n9w0000gp/T/consensus-rnd/sshx/qd-family-triage-0909/attempt-2/B3Final.lean:329:18: warning: `Polynomial.eval_finset_sum` has been deprecated: Use `Polynomial.eval_finsetSum` instead
/var/folders/7r/h8yjr2y927n8m2kh38c18n9w0000gp/T/consensus-rnd/sshx/qd-family-triage-0909/attempt-2/B3Final.lean:340:8: warning: try 'simp' instead of 'simpa'

Note: This linter can be disabled with `set_option linter.unnecessarySimpa false`
/var/folders/7r/h8yjr2y927n8m2kh38c18n9w0000gp/T/consensus-rnd/sshx/qd-family-triage-0909/attempt-2/B3Final.lean:342:2: warning: Try this: 
  letI̵

The goal is a proposition, so `let` is preferred over `letI`.
The difference between `let` and `letI` is that `letI` inlines the value.
But this is not relevant for proofs because of proof irrelevance.

Note: This linter can be disabled with `set_option linter.style.haveILetI false`
'QdB3Probe.b3_normalized_full' depends on axioms: [propext, Classical.choice, Quot.sound]
'QdB3Probe.p_map_normalized' depends on axioms: [propext, Classical.choice, Quot.sound]
/var/folders/7r/h8yjr2y927n8m2kh38c18n9w0000gp/T/consensus-rnd/sshx/qd-family-triage-0909/attempt-2/B3Final.lean:391:9: error: Tactic `rewrite` failed: Did not find an occurrence of the pattern
  reflect ?n (Polynomial.map ?f ?p)
in the target expression
  Polynomial.map (algebraMap ℝ ℂ) (reflect d ((P sourceThetaCoefficient d).comp (C (-1) * X))) =
    reflect d ((sourceJensenPolynomial d).comp (C (-1) * X))

d : ℕ
hd : 1 ≤ d
⊢ Polynomial.map (algebraMap ℝ ℂ) (reflect d ((P sourceThetaCoefficient d).comp (C (-1) * X))) =
    reflect d ((sourceJensenPolynomial d).comp (C (-1) * X))
'QdB3Probe.q_map_source' depends on axioms: [propext, sorryAx, Classical.choice, Quot.sound]
'QdB3Probe.b3_source_full' depends on axioms: [propext, Classical.choice, Quot.sound]
make: *** [qd-triage-probe] Error 2

EXIT=2
SECONDS=29.634208625
