COMMAND: ["make", "-f", "Makefile", "-f", "/var/folders/7r/h8yjr2y927n8m2kh38c18n9w0000gp/T/consensus-rnd/sshx/qd-family-triage-0909/attempt-2/probe.mk", "lean", "PROBE=/var/folders/7r/h8yjr2y927n8m2kh38c18n9w0000gp/T/consensus-rnd/sshx/qd-family-triage-0909/attempt-2/DescentProbe.lean"]
LEAN_CACHE {"status":"present","worktree":"/Users/auricstudio/trureturing-u1bridge-0909","donor":null,"method":"none","reason":null,"stamp_miss":null,"pin_sha256":"sha256:6c4c682ffba051b5744fe7a75ccc99d7f3b20227b3b026f392f3315be0adaa4e","clonefile_errno":null,"clonefile_errnos":[],"clonefile_attempts":0,"clonefile_cleanup_error":null,"mathlib_missing_olean_files":0,"mathlib_missing_olean_samples":[],"archive_status":"not_attempted","archive_mode":null,"archive_skip_reason":"project olean state is warm","archive_reason":null,"archive_producer_commit_sha":null,"archive_workflow_run_id":null,"mathlib_olean_state":"warm","mathlib_olean_probe_error":null,"project_olean_state":"warm","project_olean_probe_error":null}
/var/folders/7r/h8yjr2y927n8m2kh38c18n9w0000gp/T/consensus-rnd/sshx/qd-family-triage-0909/attempt-2/DescentProbe.lean:84:8: warning: try 'simp' instead of 'simpa'

Note: This linter can be disabled with `set_option linter.unnecessarySimpa false`
/var/folders/7r/h8yjr2y927n8m2kh38c18n9w0000gp/T/consensus-rnd/sshx/qd-family-triage-0909/attempt-2/DescentProbe.lean:86:2: warning: Try this: 
  letI̵

The goal is a proposition, so `let` is preferred over `letI`.
The difference between `let` and `letI` is that `letI` inlines the value.
But this is not relevant for proofs because of proof irrelevance.

Note: This linter can be disabled with `set_option linter.style.haveILetI false`
/var/folders/7r/h8yjr2y927n8m2kh38c18n9w0000gp/T/consensus-rnd/sshx/qd-family-triage-0909/attempt-2/DescentProbe.lean:195:33: error(lean.unknownIdentifier): Unknown identifier `revAt_self`
/var/folders/7r/h8yjr2y927n8m2kh38c18n9w0000gp/T/consensus-rnd/sshx/qd-family-triage-0909/attempt-2/DescentProbe.lean:196:8: error: Tactic `rewrite` failed: Did not find an occurrence of the pattern
  (sourceJensenPolynomial d).coeff 0
in the target expression
  (sourceJensenPolynomial d).coeff ((revAt d) d) * (-1) ^ (revAt d) d = 1

d : ℕ
hd : 2 ≤ d
h0 : sourceThetaCoefficient 0 = 1
hp : RealRoots (sourceJensenPolynomial d)
hpdeg : ∀ (k : ℕ), 1 ≤ k → (sourceJensenPolynomial k).natDegree ≤ k
hq : RealRoots (Q (sourceJensenPolynomial d) d)
⊢ (sourceJensenPolynomial d).coeff ((revAt d) d) * (-1) ^ (revAt d) d = 1
/var/folders/7r/h8yjr2y927n8m2kh38c18n9w0000gp/T/consensus-rnd/sshx/qd-family-triage-0909/attempt-2/DescentProbe.lean:222:2: error: Type mismatch: After simplification, term
  source_real_descent (n + 1 + 1) (Decidable.byContradiction fun a => source_real_antitone._proof_1_1 n a) h0
 has type
  RealRoots (sourceJensenPolynomial (n + 1 + 1)) → RealRoots (sourceJensenPolynomial (n + 1))
but is expected to have type
  RealRoots (sourceJensenPolynomial (n + 1 + 1)) ≤ RealRoots (sourceJensenPolynomial (n + 1))
/var/folders/7r/h8yjr2y927n8m2kh38c18n9w0000gp/T/consensus-rnd/sshx/qd-family-triage-0909/attempt-2/DescentProbe.lean:238:37: error: Ambiguous term
  not_imp
Possible interpretations:
  _root_.not_imp : ¬(?m.113 → ?m.114) ↔ ?m.113 ∧ ¬?m.114
  
  Classical.not_imp : ¬(?m.113 → ?m.114) ↔ ?m.113 ∧ ¬?m.114
/var/folders/7r/h8yjr2y927n8m2kh38c18n9w0000gp/T/consensus-rnd/sshx/qd-family-triage-0909/attempt-2/DescentProbe.lean:238:2: error: Type mismatch: After simplification, term
  hh
 has type
  ∃ x, ∃ (_ : eval x (sourceJensenPolynomial d) = 0), ¬x.im = 0
but is expected to have type
  ∃ z, eval z (sourceJensenPolynomial d) = 0 ∧ z.im ≠ 0
/var/folders/7r/h8yjr2y927n8m2kh38c18n9w0000gp/T/consensus-rnd/sshx/qd-family-triage-0909/attempt-2/DescentProbe.lean:256:4: error: Type mismatch: After simplification, term
  ht hh
 has type
  RealRoots (sourceJensenPolynomial (d₀ - 1 + 1))
but is expected to have type
  RealRoots (sourceJensenPolynomial (Nat.find hex))
/var/folders/7r/h8yjr2y927n8m2kh38c18n9w0000gp/T/consensus-rnd/sshx/qd-family-triage-0909/attempt-2/DescentProbe.lean:294:11: error(lean.unknownIdentifier): Unknown identifier `div_neg_iff_of_pos_right`
/var/folders/7r/h8yjr2y927n8m2kh38c18n9w0000gp/T/consensus-rnd/sshx/qd-family-triage-0909/attempt-2/DescentProbe.lean:279:80: error: unsolved goals
case neg
p : ℂ[X]
d : ℕ
hp : p.natDegree ≤ d
hr : NegativeRoots p
z : ℂ
hz : z ^ d * eval (-1 / z) p = 0
hz0 : ¬z = 0
hw : (-1 / z).im = 0 ∧ (-1 / z).re < 0
him : z.im = 0
hre : z.re ≠ 0
hneg : -z.re / Complex.normSq z < 0
hn : 0 < Complex.normSq z
⊢ 0 ≤ z.re
/var/folders/7r/h8yjr2y927n8m2kh38c18n9w0000gp/T/consensus-rnd/sshx/qd-family-triage-0909/attempt-2/DescentProbe.lean:316:11: error(lean.unknownIdentifier): Unknown identifier `div_pos_iff_of_pos`
/var/folders/7r/h8yjr2y927n8m2kh38c18n9w0000gp/T/consensus-rnd/sshx/qd-family-triage-0909/attempt-2/DescentProbe.lean:299:57: error: unsolved goals
p : ℂ[X]
d : ℕ
hp : p.natDegree ≤ d
hzero : eval 0 p ≠ 0
hr : NonnegativeRoots (Q p d)
z : ℂ
hz : eval z p = 0
hz0 : z ≠ 0
hw0 : -1 / z ≠ 0
hroot : eval (-1 / z) (Q p d) = 0
hw : (-1 / z).im = 0 ∧ 0 ≤ (-1 / z).re
him : z.im = 0
hneq : (-1 / z).re ≠ 0
hpos : 0 < (-1 / z).re
hn : 0 < Complex.normSq z
this : 0 < -z.re / Complex.normSq z
⊢ z.re < 0
/var/folders/7r/h8yjr2y927n8m2kh38c18n9w0000gp/T/consensus-rnd/sshx/qd-family-triage-0909/attempt-2/DescentProbe.lean:328:33: error(lean.unknownIdentifier): Unknown identifier `revAt_self`
/var/folders/7r/h8yjr2y927n8m2kh38c18n9w0000gp/T/consensus-rnd/sshx/qd-family-triage-0909/attempt-2/DescentProbe.lean:329:8: error: Tactic `rewrite` failed: Did not find an occurrence of the pattern
  (sourceJensenPolynomial d).coeff 0
in the target expression
  (sourceJensenPolynomial d).coeff ((revAt d) d) * (-1) ^ (revAt d) d = 1

d : ℕ
hd : 2 ≤ d
h0 : sourceThetaCoefficient 0 = 1
hp : NegativeRoots (sourceJensenPolynomial d)
hpdeg : ∀ (k : ℕ), 1 ≤ k → (sourceJensenPolynomial k).natDegree ≤ k
hq : NonnegativeRoots (Q (sourceJensenPolynomial d) d)
⊢ (sourceJensenPolynomial d).coeff ((revAt d) d) * (-1) ^ (revAt d) d = 1
/var/folders/7r/h8yjr2y927n8m2kh38c18n9w0000gp/T/consensus-rnd/sshx/qd-family-triage-0909/attempt-2/DescentProbe.lean:351:4: error: failed to prove strict positivity, but it would be possible to prove nonnegativity if desired
/var/folders/7r/h8yjr2y927n8m2kh38c18n9w0000gp/T/consensus-rnd/sshx/qd-family-triage-0909/attempt-2/DescentProbe.lean:350:16: warning: This simp argument is unused:
  add_zero

Hint: Omit it from the simp argument list.
  [apply] simp only [alpha, Complex.div_re, Complex.natCast_re, Complex.natCast_im, mul_zero, Complex.normSq_natCast]

Note: This linter can be disabled with `set_option linter.unusedSimpArgs false`
'B1BindOnlyProbe.source_negative_descent' depends on axioms: [propext, sorryAx, Classical.choice, Quot.sound]
'B1BindOnlyProbe.reflect_real_iff' depends on axioms: [propext, Classical.choice, Quot.sound]
'B1BindOnlyProbe.positive_derivative' depends on axioms: [propext, Classical.choice, Quot.sound]
'B1BindOnlyProbe.source_real_descent' depends on axioms: [propext, sorryAx, Classical.choice, Quot.sound]
'B1BindOnlyProbe.source_failure_upward' depends on axioms: [propext, sorryAx, Classical.choice, Quot.sound]
'B1BindOnlyProbe.source_minimal_failure' depends on axioms: [propext, sorryAx, Classical.choice, Quot.sound]
make: *** [qd-triage-probe] Error 2

EXIT=2
SECONDS=82.817306
