COMMAND: ['make', '-f', 'Makefile', '-f', '/var/folders/7r/h8yjr2y927n8m2kh38c18n9w0000gp/T/consensus-rnd/sshx/qd-family-triage-0909/attempt-1/probe.mk', 'lean', 'PROBE=/var/folders/7r/h8yjr2y927n8m2kh38c18n9w0000gp/T/consensus-rnd/sshx/qd-family-triage-0909/attempt-1/B4Probe.lean']
LEAN_CACHE {"status":"present","worktree":"/Users/auricstudio/trureturing-u1bridge-0909","donor":null,"method":"none","reason":null,"stamp_miss":null,"pin_sha256":"sha256:6c4c682ffba051b5744fe7a75ccc99d7f3b20227b3b026f392f3315be0adaa4e","clonefile_errno":null,"clonefile_errnos":[],"clonefile_attempts":0,"clonefile_cleanup_error":null,"mathlib_missing_olean_files":0,"mathlib_missing_olean_samples":[],"archive_status":"not_attempted","archive_mode":null,"archive_skip_reason":"project olean state is warm","archive_reason":null,"archive_producer_commit_sha":null,"archive_workflow_run_id":null,"mathlib_olean_state":"warm","mathlib_olean_probe_error":null,"project_olean_state":"warm","project_olean_probe_error":null}
Try this:
  [apply] ring_nf
  
  The `ring` tactic failed to close the goal. Use `ring_nf` to obtain a normal form.
    
  Note that `ring` works primarily in *commutative* rings. If you have a noncommutative ring, abelian group or module, consider using `noncomm_ring`, `abel` or `module` instead.
/var/folders/7r/h8yjr2y927n8m2kh38c18n9w0000gp/T/consensus-rnd/sshx/qd-family-triage-0909/attempt-1/B4Probe.lean:54:4: error: unsolved goals
case pos
n : ℕ
q : ℂ[X]
t : Fin (n + 1) → ℂ
a₁ a₂ : ℂ
ht : Function.Injective t
hq : q.natDegree ≤ n + 2
h₀ : q.coeff (n + 2) = 1
h₁ : q.coeff (n + 1) = -a₁
h₂ : q.coeff n = ↑(n + 1) / ↑(n + 2) * a₂
hcrit : ∀ (i : Fin (n + 1)), eval (t i) (derivative q) = 0
d : ℂ := ↑(n + 2)
hd : d ≠ 0
R : ℂ[X] := q - C d⁻¹ * X * derivative q + C (a₁ / d ^ 2) * derivative q
hc : ∀ (k : ℕ), R.coeff k = q.coeff k - d⁻¹ * (q.coeff k * ↑k) + a₁ / d ^ 2 * (q.coeff (k + 1) * ↑(k + 1))
hk : n + 1 ≤ n + 1
⊢ -a₁ + a₁ * ↑n * (2 + ↑n)⁻¹ + a₁ * ↑n * (4 + ↑n * 4 + ↑n ^ 2)⁻¹ + a₁ * (2 + ↑n)⁻¹ + a₁ * (4 + ↑n * 4 + ↑n ^ 2)⁻¹ * 2 =
    0
Try this:
  [apply] ring_nf
  
  The `ring` tactic failed to close the goal. Use `ring_nf` to obtain a normal form.
    
  Note that `ring` works primarily in *commutative* rings. If you have a noncommutative ring, abelian group or module, consider using `noncomm_ring`, `abel` or `module` instead.
/var/folders/7r/h8yjr2y927n8m2kh38c18n9w0000gp/T/consensus-rnd/sshx/qd-family-triage-0909/attempt-1/B4Probe.lean:61:6: error: unsolved goals
case pos
n : ℕ
q : ℂ[X]
t : Fin (n + 1) → ℂ
a₁ a₂ : ℂ
ht : Function.Injective t
hq : q.natDegree ≤ n + 2
h₀ : q.coeff (n + 2) = 1
h₁ : q.coeff (n + 1) = -a₁
h₂ : q.coeff n = ↑(n + 1) / ↑(n + 2) * a₂
hcrit : ∀ (i : Fin (n + 1)), eval (t i) (derivative q) = 0
d : ℂ := ↑(n + 2)
hd : d ≠ 0
R : ℂ[X] := q - C d⁻¹ * X * derivative q + C (a₁ / d ^ 2) * derivative q
hc : ∀ (k : ℕ), R.coeff k = q.coeff k - d⁻¹ * (q.coeff k * ↑k) + a₁ / d ^ 2 * (q.coeff (k + 1) * ↑(k + 1))
hk : n + 1 ≤ n + 2
hk₁ : ¬n + 2 = n + 1
⊢ 1 - ↑n * (2 + ↑n)⁻¹ - (2 + ↑n)⁻¹ * 2 = 0
/var/folders/7r/h8yjr2y927n8m2kh38c18n9w0000gp/T/consensus-rnd/sshx/qd-family-triage-0909/attempt-1/B4Probe.lean:116:54: error: unsolved goals
d k : ℕ
hk : d < k
⊢ ∑ b ∈ Finset.range (d + 1), (C (↑(d.descFactorial b) / ↑d ^ b) * C ↑(sourceThetaCoefficient b) * X ^ b).coeff k = 0
/var/folders/7r/h8yjr2y927n8m2kh38c18n9w0000gp/T/consensus-rnd/sshx/qd-family-triage-0909/attempt-1/B4Probe.lean:117:51: warning: This simp argument is unused:
  coeff_C_mul_X_pow

Hint: Omit it from the simp argument list.
  [apply] simp [sourceJensenPolynomial, finsetSum_coeff, Finset.mem_range, show ¬k < d + 1 by omega]

Note: This linter can be disabled with `set_option linter.unusedSimpArgs false`
/var/folders/7r/h8yjr2y927n8m2kh38c18n9w0000gp/T/consensus-rnd/sshx/qd-family-triage-0909/attempt-1/B4Probe.lean:117:70: warning: This simp argument is unused:
  Finset.mem_range

Hint: Omit it from the simp argument list.
  [apply] simp [sourceJensenPolynomial, finsetSum_coeff, coeff_C_mul_X_pow, show ¬k < d + 1 by omega]

Note: This linter can be disabled with `set_option linter.unusedSimpArgs false`
/var/folders/7r/h8yjr2y927n8m2kh38c18n9w0000gp/T/consensus-rnd/sshx/qd-family-triage-0909/attempt-1/B4Probe.lean:118:6: warning: This simp argument is unused:
  show ¬k < d + 1 by omega

Hint: Omit it from the simp argument list.
  [apply] simp [sourceJensenPolynomial, finsetSum_coeff, coeff_C_mul_X_pow, Finset.mem_range]

Note: This linter can be disabled with `set_option linter.unusedSimpArgs false`
Try this:
  [apply] ring_nf
  
  The `ring` tactic failed to close the goal. Use `ring_nf` to obtain a normal form.
    
  Note that `ring` works primarily in *commutative* rings. If you have a noncommutative ring, abelian group or module, consider using `noncomm_ring`, `abel` or `module` instead.
/var/folders/7r/h8yjr2y927n8m2kh38c18n9w0000gp/T/consensus-rnd/sshx/qd-family-triage-0909/attempt-1/B4Probe.lean:128:72: error: unsolved goals
n : ℕ
h0 : sourceThetaCoefficient 0 = 1
hedges :
  (sourceJensenPolynomial (n + 2)).coeff 0 = ↑(sourceThetaCoefficient 0) ∧
    (sourceJensenPolynomial (n + 2)).coeff 1 = ↑(sourceThetaCoefficient 1) ∧
      (sourceJensenPolynomial (n + 2)).coeff (n + 2 + 1) = 0 ∧
        (sourceJensenPolynomial (n + 2)).coeff (n + 2) =
          ↑(n + 2).factorial / ↑(n + 2) ^ (n + 2) * ↑(sourceThetaCoefficient (n + 2))
⊢ ∑ x ∈ Finset.range (3 + n),
      (C (↑((2 + n).descFactorial x) * (2 + ↑n)⁻¹ ^ x) * C ↑(sourceThetaCoefficient x) * X ^ x).coeff 2 =
    ↑n * (2 + ↑n)⁻¹ * ↑(sourceThetaCoefficient 2) + (2 + ↑n)⁻¹ * ↑(sourceThetaCoefficient 2)
/var/folders/7r/h8yjr2y927n8m2kh38c18n9w0000gp/T/consensus-rnd/sshx/qd-family-triage-0909/attempt-1/B4Probe.lean:129:51: warning: This simp argument is unused:
  coeff_C_mul_X_pow

Hint: Omit it from the simp argument list.
  [apply] simp [sourceJensenPolynomial, finsetSum_coeff, Finset.mem_range, show 2 < n + 2 + 1 by omega,
    Nat.descFactorial]

Note: This linter can be disabled with `set_option linter.unusedSimpArgs false`
/var/folders/7r/h8yjr2y927n8m2kh38c18n9w0000gp/T/consensus-rnd/sshx/qd-family-triage-0909/attempt-1/B4Probe.lean:129:70: warning: This simp argument is unused:
  Finset.mem_range

Hint: Omit it from the simp argument list.
  [apply] simp [sourceJensenPolynomial, finsetSum_coeff, coeff_C_mul_X_pow, show 2 < n + 2 + 1 by omega,
    Nat.descFactorial]

Note: This linter can be disabled with `set_option linter.unusedSimpArgs false`
/var/folders/7r/h8yjr2y927n8m2kh38c18n9w0000gp/T/consensus-rnd/sshx/qd-family-triage-0909/attempt-1/B4Probe.lean:130:6: warning: This simp argument is unused:
  show 2 < n + 2 + 1 by omega

Hint: Omit it from the simp argument list.
  [apply] simp [sourceJensenPolynomial, finsetSum_coeff, coeff_C_mul_X_pow, Finset.mem_range, Nat.descFactorial]

Note: This linter can be disabled with `set_option linter.unusedSimpArgs false`
/var/folders/7r/h8yjr2y927n8m2kh38c18n9w0000gp/T/consensus-rnd/sshx/qd-family-triage-0909/attempt-1/B4Probe.lean:130:31: warning: This simp argument is unused:
  Nat.descFactorial

Hint: Omit it from the simp argument list.
  [apply] simp [sourceJensenPolynomial, finsetSum_coeff, coeff_C_mul_X_pow, Finset.mem_range,
    show 2 < n + 2 + 1 by omega]

Note: This linter can be disabled with `set_option linter.unusedSimpArgs false`
Try this:
  [apply] ring_nf
  
  The `ring` tactic failed to close the goal. Use `ring_nf` to obtain a normal form.
    
  Note that `ring` works primarily in *commutative* rings. If you have a noncommutative ring, abelian group or module, consider using `noncomm_ring`, `abel` or `module` instead.
/var/folders/7r/h8yjr2y927n8m2kh38c18n9w0000gp/T/consensus-rnd/sshx/qd-family-triage-0909/attempt-1/B4Probe.lean:152:69: error: unsolved goals
n : ℕ
⊢ ↑n * (4 + ↑n * 4 + ↑n ^ 2)⁻¹ * ↑(sourceThetaMoment 1) ^ 2 * (1 / 4) +
          ↑n * (4 + ↑n * 4 + ↑n ^ 2)⁻¹ * ↑(sourceThetaMoment 2) * (-1 / 12) +
        (4 + ↑n * 4 + ↑n ^ 2)⁻¹ * ↑(sourceThetaMoment 1) ^ 2 * (1 / 4) +
      (4 + ↑n * 4 + ↑n ^ 2)⁻¹ * ↑(sourceThetaMoment 2) * (-1 / 12) =
    ↑n * ↑(sourceThetaMoment 1) ^ 2 * (48 + ↑n * 48 + ↑n ^ 2 * 12)⁻¹ * 3 -
          ↑n * ↑(sourceThetaMoment 2) * (48 + ↑n * 48 + ↑n ^ 2 * 12)⁻¹ +
        ↑(sourceThetaMoment 1) ^ 2 * (48 + ↑n * 48 + ↑n ^ 2 * 12)⁻¹ * 3 -
      ↑(sourceThetaMoment 2) * (48 + ↑n * 48 + ↑n ^ 2 * 12)⁻¹
'QdB4Probe.b4_source' depends on axioms: [propext, sorryAx, Classical.choice, Quot.sound]
'QdB4Probe.b4_source_cumulant' depends on axioms: [propext, sorryAx, Classical.choice, Quot.sound]
'QdB4Probe.nodal_derivative' depends on axioms: [propext, Classical.choice, Quot.sound]
'QdB4Probe.b4_residue_sum' depends on axioms: [propext, sorryAx, Classical.choice, Quot.sound]
'QdB4Probe.b4_cumulant' depends on axioms: [propext, Classical.choice, Quot.sound]
make: *** [qd-triage-probe] Error 2
EXIT=2
SECONDS=149.225800333
