COMMAND: ['make', '-f', 'Makefile', '-f', '/var/folders/7r/h8yjr2y927n8m2kh38c18n9w0000gp/T/consensus-rnd/sshx/qd-family-triage-0909/attempt-1/probe.mk', 'lean', 'PROBE=/var/folders/7r/h8yjr2y927n8m2kh38c18n9w0000gp/T/consensus-rnd/sshx/qd-family-triage-0909/attempt-1/B4Probe.lean']
LEAN_CACHE {"status":"present","worktree":"/Users/auricstudio/trureturing-u1bridge-0909","donor":null,"method":"none","reason":null,"stamp_miss":null,"pin_sha256":"sha256:6c4c682ffba051b5744fe7a75ccc99d7f3b20227b3b026f392f3315be0adaa4e","clonefile_errno":null,"clonefile_errnos":[],"clonefile_attempts":0,"clonefile_cleanup_error":null,"mathlib_missing_olean_files":0,"mathlib_missing_olean_samples":[],"archive_status":"not_attempted","archive_mode":null,"archive_skip_reason":"project olean state is warm","archive_reason":null,"archive_producer_commit_sha":null,"archive_workflow_run_id":null,"mathlib_olean_state":"warm","mathlib_olean_probe_error":null,"project_olean_state":"warm","project_olean_probe_error":null}
Try this:
  [apply] ring_nf
  
  The `ring` tactic failed to close the goal. Use `ring_nf` to obtain a normal form.
    
  Note that `ring` works primarily in *commutative* rings. If you have a noncommutative ring, abelian group or module, consider using `noncomm_ring`, `abel` or `module` instead.
/var/folders/7r/h8yjr2y927n8m2kh38c18n9w0000gp/T/consensus-rnd/sshx/qd-family-triage-0909/attempt-1/B4Probe.lean:129:72: error: unsolved goals
n : ℕ
h0 : sourceThetaCoefficient 0 = 1
hedges :
  (sourceJensenPolynomial (n + 2)).coeff 0 = ↑(sourceThetaCoefficient 0) ∧
    (sourceJensenPolynomial (n + 2)).coeff 1 = ↑(sourceThetaCoefficient 1) ∧
      (sourceJensenPolynomial (n + 2)).coeff (n + 2 + 1) = 0 ∧
        (sourceJensenPolynomial (n + 2)).coeff (n + 2) =
          ↑(n + 2).factorial / ↑(n + 2) ^ (n + 2) * ↑(sourceThetaCoefficient (n + 2))
hd : ↑n + 2 ≠ 0
⊢ True ∨ sourceThetaCoefficient 2 = 0
'QdB4Probe.b4_source' depends on axioms: [propext, sorryAx, Classical.choice, Quot.sound]
'QdB4Probe.b4_source_cumulant' depends on axioms: [propext, Classical.choice, Quot.sound]
'QdB4Probe.nodal_derivative' depends on axioms: [propext, Classical.choice, Quot.sound]
'QdB4Probe.b4_residue_sum' depends on axioms: [propext, Classical.choice, Quot.sound]
'QdB4Probe.b4_cumulant' depends on axioms: [propext, Classical.choice, Quot.sound]
make: *** [qd-triage-probe] Error 2
EXIT=2
SECONDS=217.170564375
